// Jest Snapshot v1, https://goo.gl/fbAQLP

exports[`renders an element with a label and reacting to a click event 1`] = `
<div>
  <li
    class="test-css-class"
  >
    <span>
      test-segment-label
      &gt;
    </span>
  </li>
</div>
`;
