// Jest Snapshot v1, https://goo.gl/fbAQLP

exports[`renders a group of tools from list of labels and handlers received 1`] = `
<div>
  <button>
    tool 1
  </button>
  <button>
    tool 2
  </button>
  <button>
    tool 3
  </button>
</div>
`;
